---
- name: Install metric beat
  hosts: webservers
  become: true
  tasks:
    # Use command module
  - name: Download metricbeat
    command: curl -L -O https://artifacts.elastic.co/downloads/beats/metricbeat/metricbeat-7.4.0-amd64.deb

    # Use command module
  - name: install metricbeat
    command: dpkg -i metricbeat-7.4.0-amd64.deb

    # Use copy module
  - name: drop in metricbeat config
    copy:
      src: /etc/ansible/metricbeat-config.yml
      dest: /etc/metricbeat/metricbeat.yml

    # Use command module
  - name: enable and configure docker module for metric beat
    command: metricbeat modules enable docker

    # Use command module
  - name: setup metric beat
    command: metricbeat setup

    # Use command module
  - name: start metric beat
    command: service metricbeat start

    # Use systemd module
  - name: Enable service metricbeat on boot
    systemd:
      name: metricbeat
      enabled: yes

root@64a4c42bf1ea:/etc/ansible# ls
UseMoreMemory  filebeat-config.yml    hosts            metricbeat-config.yml    my-playbook.ym
ansible.cfg    filebeat-playbook.yml  install-elk.yml  metricbeat-playbook.yml  pentest.yml
root@64a4c42bf1ea:/etc/ansible# cat my-playbook.ym
---
- name: Config Web VM with Docker
    hosts: web
    become: true
    tasks:

root@64a4c42bf1ea:/etc/ansible# ls
UseMoreMemory  filebeat-config.yml    hosts            metricbeat-config.yml    my-playbook.ym
ansible.cfg    filebeat-playbook.yml  install-elk.yml  metricbeat-playbook.yml  pentest.yml
root@64a4c42bf1ea:/etc/ansible# can pentest.yml
bash: can: command not found
root@64a4c42bf1ea:/etc/ansible# cat pentest.yml
---
- name: Config Web VM with Docker
  hosts: webservers
  become: true
  tasks:
  - name: docker.io
    apt:
      force_apt_get: yes
      update_cache: yes
      name: docker.io
      state: present

  - name: Install pip3
    apt:
      force_apt_get: yes
      name: python3-pip
      state: present

  - name: Install Docker python module
    pip:
      name: docker
      state: present

  - name: download and launch a docker web container
    docker_container:
      name: dvwa
      image: cyberxsecurity/dvwa
      state: started
      published_ports: 80:80

  - name: Enable docker service
    systemd:
      name: docker
      enabled: yes